// Jest Snapshot v1, https://goo.gl/fbAQLP

exports[`Navigation rendering renders the component 1`] = `ShallowWrapper {}`;
