// Jest Snapshot v1, https://goo.gl/fbAQLP

exports[`Recipe list rendering renders the component 1`] = `ShallowWrapper {}`;
